Archive member included to satisfy reference by file (symbol)

c:/st/stm32cubeide_1.12.0/stm32cubeide/plugins/com.st.stm32cube.ide.mcu.externaltools.gnu-tools-for-stm32.10.3-2021.10.win32_1.0.200.202301161003/tools/bin/../lib/gcc/arm-none-eabi/10.3.1/../../../../arm-none-eabi/lib/thumb/v7-m/nofp\libc_nano.a(lib_a-errno.o)
                              ./Core/Src/syscalls.o (__errno)
c:/st/stm32cubeide_1.12.0/stm32cubeide/plugins/com.st.stm32cube.ide.mcu.externaltools.gnu-tools-for-stm32.10.3-2021.10.win32_1.0.200.202301161003/tools/bin/../lib/gcc/arm-none-eabi/10.3.1/../../../../arm-none-eabi/lib/thumb/v7-m/nofp\libc_nano.a(lib_a-exit.o)
                              c:/st/stm32cubeide_1.12.0/stm32cubeide/plugins/com.st.stm32cube.ide.mcu.externaltools.gnu-tools-for-stm32.10.3-2021.10.win32_1.0.200.202301161003/tools/bin/../lib/gcc/arm-none-eabi/10.3.1/../../../../arm-none-eabi/lib/thumb/v7-m/nofp/crt0.o (exit)
c:/st/stm32cubeide_1.12.0/stm32cubeide/plugins/com.st.stm32cube.ide.mcu.externaltools.gnu-tools-for-stm32.10.3-2021.10.win32_1.0.200.202301161003/tools/bin/../lib/gcc/arm-none-eabi/10.3.1/../../../../arm-none-eabi/lib/thumb/v7-m/nofp\libc_nano.a(lib_a-impure.o)
                              c:/st/stm32cubeide_1.12.0/stm32cubeide/plugins/com.st.stm32cube.ide.mcu.externaltools.gnu-tools-for-stm32.10.3-2021.10.win32_1.0.200.202301161003/tools/bin/../lib/gcc/arm-none-eabi/10.3.1/../../../../arm-none-eabi/lib/thumb/v7-m/nofp\libc_nano.a(lib_a-exit.o) (_global_impure_ptr)
c:/st/stm32cubeide_1.12.0/stm32cubeide/plugins/com.st.stm32cube.ide.mcu.externaltools.gnu-tools-for-stm32.10.3-2021.10.win32_1.0.200.202301161003/tools/bin/../lib/gcc/arm-none-eabi/10.3.1/../../../../arm-none-eabi/lib/thumb/v7-m/nofp\libc_nano.a(lib_a-init.o)
                              c:/st/stm32cubeide_1.12.0/stm32cubeide/plugins/com.st.stm32cube.ide.mcu.externaltools.gnu-tools-for-stm32.10.3-2021.10.win32_1.0.200.202301161003/tools/bin/../lib/gcc/arm-none-eabi/10.3.1/../../../../arm-none-eabi/lib/thumb/v7-m/nofp/crt0.o (__libc_init_array)
c:/st/stm32cubeide_1.12.0/stm32cubeide/plugins/com.st.stm32cube.ide.mcu.externaltools.gnu-tools-for-stm32.10.3-2021.10.win32_1.0.200.202301161003/tools/bin/../lib/gcc/arm-none-eabi/10.3.1/../../../../arm-none-eabi/lib/thumb/v7-m/nofp\libc_nano.a(lib_a-memset.o)
                              c:/st/stm32cubeide_1.12.0/stm32cubeide/plugins/com.st.stm32cube.ide.mcu.externaltools.gnu-tools-for-stm32.10.3-2021.10.win32_1.0.200.202301161003/tools/bin/../lib/gcc/arm-none-eabi/10.3.1/../../../../arm-none-eabi/lib/thumb/v7-m/nofp/crt0.o (memset)
c:/st/stm32cubeide_1.12.0/stm32cubeide/plugins/com.st.stm32cube.ide.mcu.externaltools.gnu-tools-for-stm32.10.3-2021.10.win32_1.0.200.202301161003/tools/bin/../lib/gcc/arm-none-eabi/10.3.1/thumb/v7-m/nofp\libgcc.a(_arm_mulsf3.o)
                              ./Core/Src/MCP4725.o (__aeabi_fmul)
c:/st/stm32cubeide_1.12.0/stm32cubeide/plugins/com.st.stm32cube.ide.mcu.externaltools.gnu-tools-for-stm32.10.3-2021.10.win32_1.0.200.202301161003/tools/bin/../lib/gcc/arm-none-eabi/10.3.1/thumb/v7-m/nofp\libgcc.a(_arm_addsubsf3.o)
                              ./Core/Src/MCP4725.o (__aeabi_ui2f)
c:/st/stm32cubeide_1.12.0/stm32cubeide/plugins/com.st.stm32cube.ide.mcu.externaltools.gnu-tools-for-stm32.10.3-2021.10.win32_1.0.200.202301161003/tools/bin/../lib/gcc/arm-none-eabi/10.3.1/thumb/v7-m/nofp\libgcc.a(_arm_muldivsf3.o)
                              ./Core/Src/MCP4725.o (__aeabi_fdiv)
c:/st/stm32cubeide_1.12.0/stm32cubeide/plugins/com.st.stm32cube.ide.mcu.externaltools.gnu-tools-for-stm32.10.3-2021.10.win32_1.0.200.202301161003/tools/bin/../lib/gcc/arm-none-eabi/10.3.1/thumb/v7-m/nofp\libgcc.a(_arm_cmpsf2.o)
                              ./Core/Src/MCP4725.o (__aeabi_fcmpeq)
c:/st/stm32cubeide_1.12.0/stm32cubeide/plugins/com.st.stm32cube.ide.mcu.externaltools.gnu-tools-for-stm32.10.3-2021.10.win32_1.0.200.202301161003/tools/bin/../lib/gcc/arm-none-eabi/10.3.1/thumb/v7-m/nofp\libgcc.a(_arm_fixunssfsi.o)
                              ./Core/Src/MCP4725.o (__aeabi_f2uiz)

Discarded input sections

 .text          0x0000000000000000        0x0 c:/st/stm32cubeide_1.12.0/stm32cubeide/plugins/com.st.stm32cube.ide.mcu.externaltools.gnu-tools-for-stm32.10.3-2021.10.win32_1.0.200.202301161003/tools/bin/../lib/gcc/arm-none-eabi/10.3.1/thumb/v7-m/nofp/crti.o
 .data          0x0000000000000000        0x0 c:/st/stm32cubeide_1.12.0/stm32cubeide/plugins/com.st.stm32cube.ide.mcu.externaltools.gnu-tools-for-stm32.10.3-2021.10.win32_1.0.200.202301161003/tools/bin/../lib/gcc/arm-none-eabi/10.3.1/thumb/v7-m/nofp/crti.o
 .bss           0x0000000000000000        0x0 c:/st/stm32cubeide_1.12.0/stm32cubeide/plugins/com.st.stm32cube.ide.mcu.externaltools.gnu-tools-for-stm32.10.3-2021.10.win32_1.0.200.202301161003/tools/bin/../lib/gcc/arm-none-eabi/10.3.1/thumb/v7-m/nofp/crti.o
[...]
Memory Configuration

Name             Origin             Length             Attributes
RAM              0x0000000020000000 0x0000000000005000 xrw
FLASH            0x0000000008000000 0x0000000000010000 xr
*default*        0x0000000000000000 0xffffffffffffffff

Linker script and memory map

LOAD c:/st/stm32cubeide_1.12.0/stm32cubeide/plugins/com.st.stm32cube.ide.mcu.externaltools.gnu-tools-for-stm32.10.3-2021.10.win32_1.0.200.202301161003/tools/bin/../lib/gcc/arm-none-eabi/10.3.1/thumb/v7-m/nofp/crti.o
LOAD c:/st/stm32cubeide_1.12.0/stm32cubeide/plugins/com.st.stm32cube.ide.mcu.externaltools.gnu-tools-for-stm32.10.3-2021.10.win32_1.0.200.202301161003/tools/bin/../lib/gcc/arm-none-eabi/10.3.1/thumb/v7-m/nofp/crtbegin.o
LOAD c:/st/stm32cubeide_1.12.0/stm32cubeide/plugins/com.st.stm32cube.ide.mcu.externaltools.gnu-tools-for-stm32.10.3-2021.10.win32_1.0.200.202301161003/tools/bin/../lib/gcc/arm-none-eabi/10.3.1/../../../../arm-none-eabi/lib/thumb/v7-m/nofp/crt0.o
LOAD ./Core/Src/MCP4725.o
LOAD ./Core/Src/main.o
LOAD ./Core/Src/stm32f1xx_hal_msp.o
LOAD ./Core/Src/stm32f1xx_it.o
LOAD ./Core/Src/syscalls.o
LOAD ./Core/Src/sysmem.o
LOAD ./Core/Src/system_stm32f1xx.o
LOAD ./Core/Startup/startup_stm32f103c8tx.o
LOAD ./Drivers/STM32F1xx_HAL_Driver/Src/stm32f1xx_hal.o
LOAD ./Drivers/STM32F1xx_HAL_Driver/Src/stm32f1xx_hal_cortex.o
LOAD ./Drivers/STM32F1xx_HAL_Driver/Src/stm32f1xx_hal_dma.o
LOAD ./Drivers/STM32F1xx_HAL_Driver/Src/stm32f1xx_hal_exti.o
LOAD ./Drivers/STM32F1xx_HAL_Driver/Src/stm32f1xx_hal_flash.o
LOAD ./Drivers/STM32F1xx_HAL_Driver/Src/stm32f1xx_hal_flash_ex.o
LOAD ./Drivers/STM32F1xx_HAL_Driver/Src/stm32f1xx_hal_gpio.o
LOAD ./Drivers/STM32F1xx_HAL_Driver/Src/stm32f1xx_hal_gpio_ex.o
LOAD ./Drivers/STM32F1xx_HAL_Driver/Src/stm32f1xx_hal_i2c.o
LOAD ./Drivers/STM32F1xx_HAL_Driver/Src/stm32f1xx_hal_pwr.o
LOAD ./Drivers/STM32F1xx_HAL_Driver/Src/stm32f1xx_hal_rcc.o
LOAD ./Drivers/STM32F1xx_HAL_Driver/Src/stm32f1xx_hal_rcc_ex.o
LOAD ./Drivers/STM32F1xx_HAL_Driver/Src/stm32f1xx_hal_tim.o
LOAD ./Drivers/STM32F1xx_HAL_Driver/Src/stm32f1xx_hal_tim_ex.o
START GROUP
LOAD c:/st/stm32cubeide_1.12.0/stm32cubeide/plugins/com.st.stm32cube.ide.mcu.externaltools.gnu-tools-for-stm32.10.3-2021.10.win32_1.0.200.202301161003/tools/bin/../lib/gcc/arm-none-eabi/10.3.1/../../../../arm-none-eabi/lib/thumb/v7-m/nofp\libstdc++_nano.a
LOAD c:/st/stm32cubeide_1.12.0/stm32cubeide/plugins/com.st.stm32cube.ide.mcu.externaltools.gnu-tools-for-stm32.10.3-2021.10.win32_1.0.200.202301161003/tools/bin/../lib/gcc/arm-none-eabi/10.3.1/../../../../arm-none-eabi/lib/thumb/v7-m/nofp\libsupc++_nano.a
END GROUP
LOAD c:/st/stm32cubeide_1.12.0/stm32cubeide/plugins/com.st.stm32cube.ide.mcu.externaltools.gnu-tools-for-stm32.10.3-2021.10.win32_1.0.200.202301161003/tools/bin/../lib/gcc/arm-none-eabi/10.3.1/../../../../arm-none-eabi/lib/thumb/v7-m/nofp\libstdc++_nano.a
LOAD c:/st/stm32cubeide_1.12.0/stm32cubeide/plugins/com.st.stm32cube.ide.mcu.externaltools.gnu-tools-for-stm32.10.3-2021.10.win32_1.0.200.202301161003/tools/bin/../lib/gcc/arm-none-eabi/10.3.1/../../../../arm-none-eabi/lib/thumb/v7-m/nofp\libm.a
LOAD c:/st/stm32cubeide_1.12.0/stm32cubeide/plugins/com.st.stm32cube.ide.mcu.externaltools.gnu-tools-for-stm32.10.3-2021.10.win32_1.0.200.202301161003/tools/bin/../lib/gcc/arm-none-eabi/10.3.1/../../../../arm-none-eabi/lib/thumb/v7-m/nofp\libc_nano.a
START GROUP
LOAD c:/st/stm32cubeide_1.12.0/stm32cubeide/plugins/com.st.stm32cube.ide.mcu.externaltools.gnu-tools-for-stm32.10.3-2021.10.win32_1.0.200.202301161003/tools/bin/../lib/gcc/arm-none-eabi/10.3.1/thumb/v7-m/nofp\libgcc.a
LOAD c:/st/stm32cubeide_1.12.0/stm32cubeide/plugins/com.st.stm32cube.ide.mcu.externaltools.gnu-tools-for-stm32.10.3-2021.10.win32_1.0.200.202301161003/tools/bin/../lib/gcc/arm-none-eabi/10.3.1/../../../../arm-none-eabi/lib/thumb/v7-m/nofp\libc_nano.a
END GROUP
START GROUP
LOAD c:/st/stm32cubeide_1.12.0/stm32cubeide/plugins/com.st.stm32cube.ide.mcu.externaltools.gnu-tools-for-stm32.10.3-2021.10.win32_1.0.200.202301161003/tools/bin/../lib/gcc/arm-none-eabi/10.3.1/thumb/v7-m/nofp\libgcc.a
LOAD c:/st/stm32cubeide_1.12.0/stm32cubeide/plugins/com.st.stm32cube.ide.mcu.externaltools.gnu-tools-for-stm32.10.3-2021.10.win32_1.0.200.202301161003/tools/bin/../lib/gcc/arm-none-eabi/10.3.1/../../../../arm-none-eabi/lib/thumb/v7-m/nofp\libc_nano.a
LOAD c:/st/stm32cubeide_1.12.0/stm32cubeide/plugins/com.st.stm32cube.ide.mcu.externaltools.gnu-tools-for-stm32.10.3-2021.10.win32_1.0.200.202301161003/tools/bin/../lib/gcc/arm-none-eabi/10.3.1/../../../../arm-none-eabi/lib/thumb/v7-m/nofp\libnosys.a
END GROUP
START GROUP
LOAD c:/st/stm32cubeide_1.12.0/stm32cubeide/plugins/com.st.stm32cube.ide.mcu.externaltools.gnu-tools-for-stm32.10.3-2021.10.win32_1.0.200.202301161003/tools/bin/../lib/gcc/arm-none-eabi/10.3.1/thumb/v7-m/nofp\libgcc.a
LOAD c:/st/stm32cubeide_1.12.0/stm32cubeide/plugins/com.st.stm32cube.ide.mcu.externaltools.gnu-tools-for-stm32.10.3-2021.10.win32_1.0.200.202301161003/tools/bin/../lib/gcc/arm-none-eabi/10.3.1/../../../../arm-none-eabi/lib/thumb/v7-m/nofp\libc_nano.a
LOAD c:/st/stm32cubeide_1.12.0/stm32cubeide/plugins/com.st.stm32cube.ide.mcu.externaltools.gnu-tools-for-stm32.10.3-2021.10.win32_1.0.200.202301161003/tools/bin/../lib/gcc/arm-none-eabi/10.3.1/../../../../arm-none-eabi/lib/thumb/v7-m/nofp\libnosys.a
END GROUP
LOAD c:/st/stm32cubeide_1.12.0/stm32cubeide/plugins/com.st.stm32cube.ide.mcu.externaltools.gnu-tools-for-stm32.10.3-2021.10.win32_1.0.200.202301161003/tools/bin/../lib/gcc/arm-none-eabi/10.3.1/thumb/v7-m/nofp/crtend.o
LOAD c:/st/stm32cubeide_1.12.0/stm32cubeide/plugins/com.st.stm32cube.ide.mcu.externaltools.gnu-tools-for-stm32.10.3-2021.10.win32_1.0.200.202301161003/tools/bin/../lib/gcc/arm-none-eabi/10.3.1/thumb/v7-m/nofp/crtn.o
                0x0000000020005000                _estack = (ORIGIN (RAM) + LENGTH (RAM))
                0x0000000000000200                _Min_Heap_Size = 0x200
                0x0000000000000400                _Min_Stack_Size = 0x400

.isr_vector     0x0000000008000000      0x10c
                0x0000000008000000                . = ALIGN (0x4)
 *(.isr_vector)
 .isr_vector    0x0000000008000000      0x10c ./Core/Startup/startup_stm32f103c8tx.o
                0x0000000008000000                g_pfnVectors
                0x000000000800010c                . = ALIGN (0x4)

.text           0x000000000800010c     0x4974
                0x000000000800010c                . = ALIGN (0x4)
 *(.text)
 .text          0x000000000800010c       0x40 c:/st/stm32cubeide_1.12.0/stm32cubeide/plugins/com.st.stm32cube.ide.mcu.externaltools.gnu-tools-for-stm32.10.3-2021.10.win32_1.0.200.202301161003/tools/bin/../lib/gcc/arm-none-eabi/10.3.1/thumb/v7-m/nofp/crtbegin.o
 .text          0x000000000800014c      0x2a0 c:/st/stm32cubeide_1.12.0/stm32cubeide/plugins/com.st.stm32cube.ide.mcu.externaltools.gnu-tools-for-stm32.10.3-2021.10.win32_1.0.200.202301161003/tools/bin/../lib/gcc/arm-none-eabi/10.3.1/thumb/v7-m/nofp\libgcc.a(_arm_muldivsf3.o)
                0x000000000800014c                __mulsf3
                0x000000000800014c                __aeabi_fmul
                0x00000000080002b4                __aeabi_fdiv
                0x00000000080002b4                __divsf3
 .text          0x00000000080003ec       0xec c:/st/stm32cubeide_1.12.0/stm32cubeide/plugins/com.st.stm32cube.ide.mcu.externaltools.gnu-tools-for-stm32.10.3-2021.10.win32_1.0.200.202301161003/tools/bin/../lib/gcc/arm-none-eabi/10.3.1/thumb/v7-m/nofp\libgcc.a(_arm_cmpsf2.o)
                0x00000000080003ec                __gesf2
                0x00000000080003ec                __gtsf2
                0x00000000080003f4                __lesf2
                0x00000000080003f4                __ltsf2
                0x00000000080003fc                __nesf2
                0x00000000080003fc                __eqsf2
                0x00000000080003fc                __cmpsf2
                0x000000000800045c                __aeabi_cfrcmple
                0x0000000008000464                __aeabi_cfcmpeq
                0x0000000008000464                __aeabi_cfcmple
                0x0000000008000474                __aeabi_fcmpeq
                0x0000000008000488                __aeabi_fcmplt
                0x000000000800049c                __aeabi_fcmple
                0x00000000080004b0                __aeabi_fcmpge
                0x00000000080004c4                __aeabi_fcmpgt
 .text          0x00000000080004d8       0x40 c:/st/stm32cubeide_1.12.0/stm32cubeide/plugins/com.st.stm32cube.ide.mcu.externaltools.gnu-tools-for-stm32.10.3-2021.10.win32_1.0.200.202301161003/tools/bin/../lib/gcc/arm-none-eabi/10.3.1/thumb/v7-m/nofp\libgcc.a(_arm_fixunssfsi.o)
                0x00000000080004d8                __fixunssfsi
                0x00000000080004d8                __aeabi_f2uiz
 *(.text*)
 .text.MCP4725_init
                0x0000000008000518       0x3e ./Core/Src/MCP4725.o
                0x0000000008000518                MCP4725_init
 .text.MCP4725_isConnected
                0x0000000008000556       0x2e ./Core/Src/MCP4725.o
                0x0000000008000556                MCP4725_isConnected
 .text.MCP4725_setReferenceVoltage
                0x0000000008000584       0x54 ./Core/Src/MCP4725.o
                0x0000000008000584                MCP4725_setReferenceVoltage
 .text.MCP4725_setValue
                0x00000000080005d8       0x30 ./Core/Src/MCP4725.o
                0x00000000080005d8                MCP4725_setValue
 .text.MCP4725_getEepromBusyFlag
                0x0000000008000608       0x3a ./Core/Src/MCP4725.o
                0x0000000008000608                MCP4725_getEepromBusyFlag
 .text.MCP4725_writeComand
                0x0000000008000642      0x100 ./Core/Src/MCP4725.o
                0x0000000008000642                MCP4725_writeComand
 .text.MCP4725_readRegister
                0x0000000008000742       0xde ./Core/Src/MCP4725.o
                0x0000000008000742                MCP4725_readRegister
 .text.HAL_TIM_IC_CaptureCallback
                0x0000000008000820      0x35c ./Core/Src/main.o
                0x0000000008000820                HAL_TIM_IC_CaptureCallback
 .text.main     0x0000000008000b7c       0xd0 ./Core/Src/main.o
                0x0000000008000b7c                main
 .text.SystemClock_Config
                0x0000000008000c4c       0x8a ./Core/Src/main.o
                0x0000000008000c4c                SystemClock_Config
 *fill*         0x0000000008000cd6        0x2 
 .text.MX_I2C1_Init
                0x0000000008000cd8       0x5c ./Core/Src/main.o
 .text.MX_TIM1_Init
                0x0000000008000d34      0x15c ./Core/Src/main.o
 .text.MX_TIM2_Init
                0x0000000008000e90      0x120 ./Core/Src/main.o
 .text.MX_GPIO_Init
                0x0000000008000fb0       0xd8 ./Core/Src/main.o
 .text.Error_Handler
                0x0000000008001088        0xa ./Core/Src/main.o
                0x0000000008001088                Error_Handler
 *fill*         0x0000000008001092        0x2 
 .text.HAL_MspInit
                0x0000000008001094       0x64 ./Core/Src/stm32f1xx_hal_msp.o
                0x0000000008001094                HAL_MspInit
 .text.HAL_I2C_MspInit
                0x00000000080010f8       0x7c ./Core/Src/stm32f1xx_hal_msp.o
                0x00000000080010f8                HAL_I2C_MspInit
 .text.HAL_TIM_Base_MspInit
                0x0000000008001174       0xf0 ./Core/Src/stm32f1xx_hal_msp.o
                0x0000000008001174                HAL_TIM_Base_MspInit
 .text.HAL_TIM_MspPostInit
                0x0000000008001264       0x68 ./Core/Src/stm32f1xx_hal_msp.o
                0x0000000008001264                HAL_TIM_MspPostInit
 .text.NMI_Handler
                0x00000000080012cc        0x6 ./Core/Src/stm32f1xx_it.o
                0x00000000080012cc                NMI_Handler
 .text.HardFault_Handler
                0x00000000080012d2        0x6 ./Core/Src/stm32f1xx_it.o
                0x00000000080012d2                HardFault_Handler
 .text.MemManage_Handler
                0x00000000080012d8        0x6 ./Core/Src/stm32f1xx_it.o
                0x00000000080012d8                MemManage_Handler
 .text.BusFault_Handler
                0x00000000080012de        0x6 ./Core/Src/stm32f1xx_it.o
                0x00000000080012de                BusFault_Handler
 .text.UsageFault_Handler
                0x00000000080012e4        0x6 ./Core/Src/stm32f1xx_it.o
                0x00000000080012e4                UsageFault_Handler
 .text.SVC_Handler
                0x00000000080012ea        0xc ./Core/Src/stm32f1xx_it.o
                0x00000000080012ea                SVC_Handler
 .text.DebugMon_Handler
                0x00000000080012f6        0xc ./Core/Src/stm32f1xx_it.o
                0x00000000080012f6                DebugMon_Handler
 .text.PendSV_Handler
                0x0000000008001302        0xc ./Core/Src/stm32f1xx_it.o
                0x0000000008001302                PendSV_Handler
 .text.SysTick_Handler
                0x000000000800130e        0xc ./Core/Src/stm32f1xx_it.o
                0x000000000800130e                SysTick_Handler
 *fill*         0x000000000800131a        0x2 
 .text.TIM1_BRK_IRQHandler
                0x000000000800131c       0x14 ./Core/Src/stm32f1xx_it.o
                0x000000000800131c                TIM1_BRK_IRQHandler
 .text.TIM1_UP_IRQHandler
                0x0000000008001330       0x14 ./Core/Src/stm32f1xx_it.o
                0x0000000008001330                TIM1_UP_IRQHandler
 .text.TIM1_TRG_COM_IRQHandler
                0x0000000008001344       0x14 ./Core/Src/stm32f1xx_it.o
                0x0000000008001344                TIM1_TRG_COM_IRQHandler
 .text.TIM1_CC_IRQHandler
                0x0000000008001358       0x14 ./Core/Src/stm32f1xx_it.o
                0x0000000008001358                TIM1_CC_IRQHandler
 .text.TIM2_IRQHandler
                0x000000000800136c       0x14 ./Core/Src/stm32f1xx_it.o
                0x000000000800136c                TIM2_IRQHandler
 .text.SystemInit
                0x0000000008001380        0xc ./Core/Src/system_stm32f1xx.o
                0x0000000008001380                SystemInit
 .text.Reset_Handler
                0x000000000800138c       0x48 ./Core/Startup/startup_stm32f103c8tx.o
                0x000000000800138c                Reset_Handler
 .text.Default_Handler
                0x00000000080013d4        0x2 ./Core/Startup/startup_stm32f103c8tx.o
                0x00000000080013d4                RTC_Alarm_IRQHandler
                0x00000000080013d4                EXTI2_IRQHandler
                0x00000000080013d4                PVD_IRQHandler
                0x00000000080013d4                EXTI3_IRQHandler
                0x00000000080013d4                EXTI0_IRQHandler
                0x00000000080013d4                I2C2_EV_IRQHandler
                0x00000000080013d4                ADC1_2_IRQHandler
                0x00000000080013d4                SPI1_IRQHandler
                0x00000000080013d4                TAMPER_IRQHandler
                0x00000000080013d4                DMA1_Channel4_IRQHandler
                0x00000000080013d4                USART3_IRQHandler
                0x00000000080013d4                RTC_IRQHandler
                0x00000000080013d4                DMA1_Channel7_IRQHandler
                0x00000000080013d4                CAN1_RX1_IRQHandler
                0x00000000080013d4                TIM4_IRQHandler
                0x00000000080013d4                I2C1_EV_IRQHandler
                0x00000000080013d4                DMA1_Channel6_IRQHandler
                0x00000000080013d4                TIM3_IRQHandler
                0x00000000080013d4                RCC_IRQHandler
                0x00000000080013d4                DMA1_Channel1_IRQHandler
                0x00000000080013d4                Default_Handler
                0x00000000080013d4                EXTI15_10_IRQHandler
                0x00000000080013d4                EXTI9_5_IRQHandler
                0x00000000080013d4                SPI2_IRQHandler
                0x00000000080013d4                DMA1_Channel5_IRQHandler
                0x00000000080013d4                EXTI4_IRQHandler
                0x00000000080013d4                USB_LP_CAN1_RX0_IRQHandler
                0x00000000080013d4                USB_HP_CAN1_TX_IRQHandler
                0x00000000080013d4                DMA1_Channel3_IRQHandler
                0x00000000080013d4                WWDG_IRQHandler
                0x00000000080013d4                EXTI1_IRQHandler
                0x00000000080013d4                USART2_IRQHandler
                0x00000000080013d4                I2C2_ER_IRQHandler
                0x00000000080013d4                DMA1_Channel2_IRQHandler
                0x00000000080013d4                CAN1_SCE_IRQHandler
                0x00000000080013d4                FLASH_IRQHandler
                0x00000000080013d4                USART1_IRQHandler
                0x00000000080013d4                I2C1_ER_IRQHandler
                0x00000000080013d4                USBWakeUp_IRQHandler
 *fill*         0x00000000080013d6        0x2 
 .text.HAL_Init
                0x00000000080013d8       0x2c ./Drivers/STM32F1xx_HAL_Driver/Src/stm32f1xx_hal.o
                0x00000000080013d8                HAL_Init
 .text.HAL_InitTick
                0x0000000008001404       0x60 ./Drivers/STM32F1xx_HAL_Driver/Src/stm32f1xx_hal.o
                0x0000000008001404                HAL_InitTick
 .text.HAL_IncTick
                0x0000000008001464       0x24 ./Drivers/STM32F1xx_HAL_Driver/Src/stm32f1xx_hal.o
                0x0000000008001464                HAL_IncTick
 .text.HAL_GetTick
                0x0000000008001488       0x14 ./Drivers/STM32F1xx_HAL_Driver/Src/stm32f1xx_hal.o
                0x0000000008001488                HAL_GetTick
 .text.HAL_Delay
                0x000000000800149c       0x48 ./Drivers/STM32F1xx_HAL_Driver/Src/stm32f1xx_hal.o
                0x000000000800149c                HAL_Delay
 .text.__NVIC_SetPriorityGrouping
                0x00000000080014e4       0x48 ./Drivers/STM32F1xx_HAL_Driver/Src/stm32f1xx_hal_cortex.o
 .text.__NVIC_GetPriorityGrouping
                0x000000000800152c       0x1c ./Drivers/STM32F1xx_HAL_Driver/Src/stm32f1xx_hal_cortex.o
 .text.__NVIC_EnableIRQ
                0x0000000008001548       0x38 ./Drivers/STM32F1xx_HAL_Driver/Src/stm32f1xx_hal_cortex.o
 .text.__NVIC_SetPriority
                0x0000000008001580       0x54 ./Drivers/STM32F1xx_HAL_Driver/Src/stm32f1xx_hal_cortex.o
 .text.NVIC_EncodePriority
                0x00000000080015d4       0x64 ./Drivers/STM32F1xx_HAL_Driver/Src/stm32f1xx_hal_cortex.o
 .text.SysTick_Config
                0x0000000008001638       0x44 ./Drivers/STM32F1xx_HAL_Driver/Src/stm32f1xx_hal_cortex.o
 .text.HAL_NVIC_SetPriorityGrouping
                0x000000000800167c       0x16 ./Drivers/STM32F1xx_HAL_Driver/Src/stm32f1xx_hal_cortex.o
                0x000000000800167c                HAL_NVIC_SetPriorityGrouping
 .text.HAL_NVIC_SetPriority
                0x0000000008001692       0x38 ./Drivers/STM32F1xx_HAL_Driver/Src/stm32f1xx_hal_cortex.o
                0x0000000008001692                HAL_NVIC_SetPriority
 .text.HAL_NVIC_EnableIRQ
                0x00000000080016ca       0x1c ./Drivers/STM32F1xx_HAL_Driver/Src/stm32f1xx_hal_cortex.o
                0x00000000080016ca                HAL_NVIC_EnableIRQ
 .text.HAL_SYSTICK_Config
                0x00000000080016e6       0x18 ./Drivers/STM32F1xx_HAL_Driver/Src/stm32f1xx_hal_cortex.o
                0x00000000080016e6                HAL_SYSTICK_Config
 *fill*         0x00000000080016fe        0x2 
 .text.HAL_GPIO_Init
                0x0000000008001700      0x308 ./Drivers/STM32F1xx_HAL_Driver/Src/stm32f1xx_hal_gpio.o
                0x0000000008001700                HAL_GPIO_Init
 .text.HAL_GPIO_WritePin
                0x0000000008001a08       0x30 ./Drivers/STM32F1xx_HAL_Driver/Src/stm32f1xx_hal_gpio.o
                0x0000000008001a08                HAL_GPIO_WritePin
 .text.HAL_GPIO_TogglePin
                0x0000000008001a38       0x32 ./Drivers/STM32F1xx_HAL_Driver/Src/stm32f1xx_hal_gpio.o
                0x0000000008001a38                HAL_GPIO_TogglePin
 *fill*         0x0000000008001a6a        0x2 
 .text.HAL_I2C_Init
                0x0000000008001a6c      0x288 ./Drivers/STM32F1xx_HAL_Driver/Src/stm32f1xx_hal_i2c.o
                0x0000000008001a6c                HAL_I2C_Init
 .text.HAL_I2C_Master_Transmit
                0x0000000008001cf4      0x1fc ./Drivers/STM32F1xx_HAL_Driver/Src/stm32f1xx_hal_i2c.o
                0x0000000008001cf4                HAL_I2C_Master_Transmit
 .text.HAL_I2C_Master_Receive
                0x0000000008001ef0      0x4d8 ./Drivers/STM32F1xx_HAL_Driver/Src/stm32f1xx_hal_i2c.o
                0x0000000008001ef0                HAL_I2C_Master_Receive
 .text.HAL_I2C_IsDeviceReady
                0x00000000080023c8      0x25c ./Drivers/STM32F1xx_HAL_Driver/Src/stm32f1xx_hal_i2c.o
                0x00000000080023c8                HAL_I2C_IsDeviceReady
 .text.I2C_MasterRequestWrite
                0x0000000008002624      0x104 ./Drivers/STM32F1xx_HAL_Driver/Src/stm32f1xx_hal_i2c.o
 .text.I2C_MasterRequestRead
                0x0000000008002728      0x19c ./Drivers/STM32F1xx_HAL_Driver/Src/stm32f1xx_hal_i2c.o
 .text.I2C_WaitOnFlagUntilTimeout
                0x00000000080028c4       0xf4 ./Drivers/STM32F1xx_HAL_Driver/Src/stm32f1xx_hal_i2c.o
 .text.I2C_WaitOnMasterAddressFlagUntilTimeout
                0x00000000080029b8      0x140 ./Drivers/STM32F1xx_HAL_Driver/Src/stm32f1xx_hal_i2c.o
 .text.I2C_WaitOnTXEFlagUntilTimeout
                0x0000000008002af8       0x90 ./Drivers/STM32F1xx_HAL_Driver/Src/stm32f1xx_hal_i2c.o
 .text.I2C_WaitOnBTFFlagUntilTimeout
                0x0000000008002b88       0x90 ./Drivers/STM32F1xx_HAL_Driver/Src/stm32f1xx_hal_i2c.o
 .text.I2C_WaitOnRXNEFlagUntilTimeout
                0x0000000008002c18       0xba ./Drivers/STM32F1xx_HAL_Driver/Src/stm32f1xx_hal_i2c.o
 .text.I2C_IsAcknowledgeFailed
                0x0000000008002cd2       0x5c ./Drivers/STM32F1xx_HAL_Driver/Src/stm32f1xx_hal_i2c.o
 *fill*         0x0000000008002d2e        0x2 
 .text.HAL_RCC_OscConfig
                0x0000000008002d30      0x504 ./Drivers/STM32F1xx_HAL_Driver/Src/stm32f1xx_hal_rcc.o
                0x0000000008002d30                HAL_RCC_OscConfig
 .text.HAL_RCC_ClockConfig
                0x0000000008003234      0x1d4 ./Drivers/STM32F1xx_HAL_Driver/Src/stm32f1xx_hal_rcc.o
                0x0000000008003234                HAL_RCC_ClockConfig
 .text.HAL_RCC_GetSysClockFreq
                0x0000000008003408       0xa8 ./Drivers/STM32F1xx_HAL_Driver/Src/stm32f1xx_hal_rcc.o
                0x0000000008003408                HAL_RCC_GetSysClockFreq
 .text.HAL_RCC_GetHCLKFreq
                0x00000000080034b0       0x14 ./Drivers/STM32F1xx_HAL_Driver/Src/stm32f1xx_hal_rcc.o
                0x00000000080034b0                HAL_RCC_GetHCLKFreq
 .text.HAL_RCC_GetPCLK1Freq
                0x00000000080034c4       0x28 ./Drivers/STM32F1xx_HAL_Driver/Src/stm32f1xx_hal_rcc.o
                0x00000000080034c4                HAL_RCC_GetPCLK1Freq
 .text.RCC_Delay
                0x00000000080034ec       0x3c ./Drivers/STM32F1xx_HAL_Driver/Src/stm32f1xx_hal_rcc.o
 .text.HAL_TIM_Base_Init
                0x0000000008003528       0x9e ./Drivers/STM32F1xx_HAL_Driver/Src/stm32f1xx_hal_tim.o
                0x0000000008003528                HAL_TIM_Base_Init
 .text.HAL_TIM_PWM_Init
                0x00000000080035c6       0x9e ./Drivers/STM32F1xx_HAL_Driver/Src/stm32f1xx_hal_tim.o
                0x00000000080035c6                HAL_TIM_PWM_Init
 .text.HAL_TIM_PWM_MspInit
                0x0000000008003664       0x12 ./Drivers/STM32F1xx_HAL_Driver/Src/stm32f1xx_hal_tim.o
                0x0000000008003664                HAL_TIM_PWM_MspInit
 *fill*         0x0000000008003676        0x2 
 .text.HAL_TIM_PWM_Start
                0x0000000008003678      0x144 ./Drivers/STM32F1xx_HAL_Driver/Src/stm32f1xx_hal_tim.o
                0x0000000008003678                HAL_TIM_PWM_Start
 .text.HAL_TIM_IC_Init
                0x00000000080037bc       0x9e ./Drivers/STM32F1xx_HAL_Driver/Src/stm32f1xx_hal_tim.o
                0x00000000080037bc                HAL_TIM_IC_Init
 .text.HAL_TIM_IC_MspInit
                0x000000000800385a       0x12 ./Drivers/STM32F1xx_HAL_Driver/Src/stm32f1xx_hal_tim.o
                0x000000000800385a                HAL_TIM_IC_MspInit
 .text.HAL_TIM_IC_Start_IT
                0x000000000800386c      0x218 ./Drivers/STM32F1xx_HAL_Driver/Src/stm32f1xx_hal_tim.o
                0x000000000800386c                HAL_TIM_IC_Start_IT
 .text.HAL_TIM_IRQHandler
                0x0000000008003a84      0x210 ./Drivers/STM32F1xx_HAL_Driver/Src/stm32f1xx_hal_tim.o
                0x0000000008003a84                HAL_TIM_IRQHandler
 .text.HAL_TIM_IC_ConfigChannel
                0x0000000008003c94      0x138 ./Drivers/STM32F1xx_HAL_Driver/Src/stm32f1xx_hal_tim.o
                0x0000000008003c94                HAL_TIM_IC_ConfigChannel
 .text.HAL_TIM_PWM_ConfigChannel
                0x0000000008003dcc      0x184 ./Drivers/STM32F1xx_HAL_Driver/Src/stm32f1xx_hal_tim.o
                0x0000000008003dcc                HAL_TIM_PWM_ConfigChannel
 .text.HAL_TIM_ConfigClockSource
                0x0000000008003f50      0x18e ./Drivers/STM32F1xx_HAL_Driver/Src/stm32f1xx_hal_tim.o
                0x0000000008003f50                HAL_TIM_ConfigClockSource
 .text.HAL_TIM_PeriodElapsedCallback
                0x00000000080040de       0x12 ./Drivers/STM32F1xx_HAL_Driver/Src/stm32f1xx_hal_tim.o
                0x00000000080040de                HAL_TIM_PeriodElapsedCallback
 .text.HAL_TIM_OC_DelayElapsedCallback
                0x00000000080040f0       0x12 ./Drivers/STM32F1xx_HAL_Driver/Src/stm32f1xx_hal_tim.o
                0x00000000080040f0                HAL_TIM_OC_DelayElapsedCallback
 .text.HAL_TIM_PWM_PulseFinishedCallback
                0x0000000008004102       0x12 ./Drivers/STM32F1xx_HAL_Driver/Src/stm32f1xx_hal_tim.o
                0x0000000008004102                HAL_TIM_PWM_PulseFinishedCallback
 .text.HAL_TIM_TriggerCallback
                0x0000000008004114       0x12 ./Drivers/STM32F1xx_HAL_Driver/Src/stm32f1xx_hal_tim.o
                0x0000000008004114                HAL_TIM_TriggerCallback
 *fill*         0x0000000008004126        0x2 
 .text.TIM_Base_SetConfig
                0x0000000008004128       0xc4 ./Drivers/STM32F1xx_HAL_Driver/Src/stm32f1xx_hal_tim.o
                0x0000000008004128                TIM_Base_SetConfig
 .text.TIM_OC1_SetConfig
                0x00000000080041ec       0xcc ./Drivers/STM32F1xx_HAL_Driver/Src/stm32f1xx_hal_tim.o
 .text.TIM_OC2_SetConfig
                0x00000000080042b8       0xd4 ./Drivers/STM32F1xx_HAL_Driver/Src/stm32f1xx_hal_tim.o
                0x00000000080042b8                TIM_OC2_SetConfig
 .text.TIM_OC3_SetConfig
                0x000000000800438c       0xd4 ./Drivers/STM32F1xx_HAL_Driver/Src/stm32f1xx_hal_tim.o
 .text.TIM_OC4_SetConfig
                0x0000000008004460       0x9c ./Drivers/STM32F1xx_HAL_Driver/Src/stm32f1xx_hal_tim.o
 .text.TIM_TI1_SetConfig
                0x00000000080044fc       0xb4 ./Drivers/STM32F1xx_HAL_Driver/Src/stm32f1xx_hal_tim.o
                0x00000000080044fc                TIM_TI1_SetConfig
 .text.TIM_TI1_ConfigInputStage
                0x00000000080045b0       0x5c ./Drivers/STM32F1xx_HAL_Driver/Src/stm32f1xx_hal_tim.o
 .text.TIM_TI2_SetConfig
                0x000000000800460c       0x78 ./Drivers/STM32F1xx_HAL_Driver/Src/stm32f1xx_hal_tim.o
 .text.TIM_TI2_ConfigInputStage
                0x0000000008004684       0x5e ./Drivers/STM32F1xx_HAL_Driver/Src/stm32f1xx_hal_tim.o
 .text.TIM_TI3_SetConfig
                0x00000000080046e2       0x76 ./Drivers/STM32F1xx_HAL_Driver/Src/stm32f1xx_hal_tim.o
 .text.TIM_TI4_SetConfig
                0x0000000008004758       0x78 ./Drivers/STM32F1xx_HAL_Driver/Src/stm32f1xx_hal_tim.o
 .text.TIM_ITRx_SetConfig
                0x00000000080047d0       0x34 ./Drivers/STM32F1xx_HAL_Driver/Src/stm32f1xx_hal_tim.o
 .text.TIM_ETR_SetConfig
                0x0000000008004804       0x3e ./Drivers/STM32F1xx_HAL_Driver/Src/stm32f1xx_hal_tim.o
                0x0000000008004804                TIM_ETR_SetConfig
 .text.TIM_CCxChannelCmd
                0x0000000008004842       0x48 ./Drivers/STM32F1xx_HAL_Driver/Src/stm32f1xx_hal_tim.o
                0x0000000008004842                TIM_CCxChannelCmd
 *fill*         0x000000000800488a        0x2 
 .text.HAL_TIMEx_MasterConfigSynchronization
                0x000000000800488c       0xbc ./Drivers/STM32F1xx_HAL_Driver/Src/stm32f1xx_hal_tim_ex.o
                0x000000000800488c                HAL_TIMEx_MasterConfigSynchronization
 .text.HAL_TIMEx_ConfigBreakDeadTime
                0x0000000008004948       0xa2 ./Drivers/STM32F1xx_HAL_Driver/Src/stm32f1xx_hal_tim_ex.o
                0x0000000008004948                HAL_TIMEx_ConfigBreakDeadTime
 .text.HAL_TIMEx_CommutCallback
                0x00000000080049ea       0x12 ./Drivers/STM32F1xx_HAL_Driver/Src/stm32f1xx_hal_tim_ex.o
                0x00000000080049ea                HAL_TIMEx_CommutCallback
 .text.HAL_TIMEx_BreakCallback
                0x00000000080049fc       0x12 ./Drivers/STM32F1xx_HAL_Driver/Src/stm32f1xx_hal_tim_ex.o
                0x00000000080049fc                HAL_TIMEx_BreakCallback
 *fill*         0x0000000008004a0e        0x2 
 .text.__libc_init_array
                0x0000000008004a10       0x48 c:/st/stm32cubeide_1.12.0/stm32cubeide/plugins/com.st.stm32cube.ide.mcu.externaltools.gnu-tools-for-stm32.10.3-2021.10.win32_1.0.200.202301161003/tools/bin/../lib/gcc/arm-none-eabi/10.3.1/../../../../arm-none-eabi/lib/thumb/v7-m/nofp\libc_nano.a(lib_a-init.o)
                0x0000000008004a10                __libc_init_array
 .text.memset   0x0000000008004a58       0x10 c:/st/stm32cubeide_1.12.0/stm32cubeide/plugins/com.st.stm32cube.ide.mcu.externaltools.gnu-tools-for-stm32.10.3-2021.10.win32_1.0.200.202301161003/tools/bin/../lib/gcc/arm-none-eabi/10.3.1/../../../../arm-none-eabi/lib/thumb/v7-m/nofp\libc_nano.a(lib_a-memset.o)
                0x0000000008004a58                memset
 *(.glue_7)
 .glue_7        0x0000000008004a68        0x0 linker stubs
 *(.glue_7t)
 .glue_7t       0x0000000008004a68        0x0 linker stubs
 *(.eh_frame)
 .eh_frame      0x0000000008004a68        0x0 c:/st/stm32cubeide_1.12.0/stm32cubeide/plugins/com.st.stm32cube.ide.mcu.externaltools.gnu-tools-for-stm32.10.3-2021.10.win32_1.0.200.202301161003/tools/bin/../lib/gcc/arm-none-eabi/10.3.1/thumb/v7-m/nofp/crtbegin.o
 *(.init)
 .init          0x0000000008004a68        0x4 c:/st/stm32cubeide_1.12.0/stm32cubeide/plugins/com.st.stm32cube.ide.mcu.externaltools.gnu-tools-for-stm32.10.3-2021.10.win32_1.0.200.202301161003/tools/bin/../lib/gcc/arm-none-eabi/10.3.1/thumb/v7-m/nofp/crti.o
                0x0000000008004a68                _init
 .init          0x0000000008004a6c        0x8 c:/st/stm32cubeide_1.12.0/stm32cubeide/plugins/com.st.stm32cube.ide.mcu.externaltools.gnu-tools-for-stm32.10.3-2021.10.win32_1.0.200.202301161003/tools/bin/../lib/gcc/arm-none-eabi/10.3.1/thumb/v7-m/nofp/crtn.o
 *(.fini)
 .fini          0x0000000008004a74        0x4 c:/st/stm32cubeide_1.12.0/stm32cubeide/plugins/com.st.stm32cube.ide.mcu.externaltools.gnu-tools-for-stm32.10.3-2021.10.win32_1.0.200.202301161003/tools/bin/../lib/gcc/arm-none-eabi/10.3.1/thumb/v7-m/nofp/crti.o
                0x0000000008004a74                _fini
 .fini          0x0000000008004a78        0x8 c:/st/stm32cubeide_1.12.0/stm32cubeide/plugins/com.st.stm32cube.ide.mcu.externaltools.gnu-tools-for-stm32.10.3-2021.10.win32_1.0.200.202301161003/tools/bin/../lib/gcc/arm-none-eabi/10.3.1/thumb/v7-m/nofp/crtn.o
                0x0000000008004a80                . = ALIGN (0x4)
                0x0000000008004a80                _etext = .

.vfp11_veneer   0x0000000008004a80        0x0
 .vfp11_veneer  0x0000000008004a80        0x0 linker stubs

.v4_bx          0x0000000008004a80        0x0
 .v4_bx         0x0000000008004a80        0x0 linker stubs

.iplt           0x0000000008004a80        0x0
 .iplt          0x0000000008004a80        0x0 c:/st/stm32cubeide_1.12.0/stm32cubeide/plugins/com.st.stm32cube.ide.mcu.externaltools.gnu-tools-for-stm32.10.3-2021.10.win32_1.0.200.202301161003/tools/bin/../lib/gcc/arm-none-eabi/10.3.1/thumb/v7-m/nofp/crtbegin.o

.rodata         0x0000000008004a80       0x2c
                0x0000000008004a80                . = ALIGN (0x4)
 *(.rodata)
 *(.rodata*)
 .rodata.AHBPrescTable
                0x0000000008004a80       0x10 ./Core/Src/system_stm32f1xx.o
                0x0000000008004a80                AHBPrescTable
 .rodata.APBPrescTable
                0x0000000008004a90        0x8 ./Core/Src/system_stm32f1xx.o
                0x0000000008004a90                APBPrescTable
 .rodata.aPLLMULFactorTable.1
                0x0000000008004a98       0x10 ./Drivers/STM32F1xx_HAL_Driver/Src/stm32f1xx_hal_rcc.o
 .rodata.aPredivFactorTable.0
                0x0000000008004aa8        0x2 ./Drivers/STM32F1xx_HAL_Driver/Src/stm32f1xx_hal_rcc.o
                0x0000000008004aac                . = ALIGN (0x4)
 *fill*         0x0000000008004aaa        0x2 

.rel.dyn        0x0000000008004aac        0x0
 .rel.iplt      0x0000000008004aac        0x0 c:/st/stm32cubeide_1.12.0/stm32cubeide/plugins/com.st.stm32cube.ide.mcu.externaltools.gnu-tools-for-stm32.10.3-2021.10.win32_1.0.200.202301161003/tools/bin/../lib/gcc/arm-none-eabi/10.3.1/thumb/v7-m/nofp/crtbegin.o

.ARM.extab      0x0000000008004aac        0x0
                0x0000000008004aac                . = ALIGN (0x4)
 *(.ARM.extab* .gnu.linkonce.armextab.*)
                0x0000000008004aac                . = ALIGN (0x4)

.ARM            0x0000000008004aac        0x0
                0x0000000008004aac                . = ALIGN (0x4)
                0x0000000008004aac                __exidx_start = .
 *(.ARM.exidx*)
                0x0000000008004aac                __exidx_end = .
                0x0000000008004aac                . = ALIGN (0x4)

.preinit_array  0x0000000008004aac        0x0
                0x0000000008004aac                . = ALIGN (0x4)
                0x0000000008004aac                PROVIDE (__preinit_array_start = .)
 *(.preinit_array*)
                0x0000000008004aac                PROVIDE (__preinit_array_end = .)
                0x0000000008004aac                . = ALIGN (0x4)

.init_array     0x0000000008004aac        0x4
                0x0000000008004aac                . = ALIGN (0x4)
                0x0000000008004aac                PROVIDE (__init_array_start = .)
 *(SORT_BY_NAME(.init_array.*))
 *(.init_array*)
 .init_array    0x0000000008004aac        0x4 c:/st/stm32cubeide_1.12.0/stm32cubeide/plugins/com.st.stm32cube.ide.mcu.externaltools.gnu-tools-for-stm32.10.3-2021.10.win32_1.0.200.202301161003/tools/bin/../lib/gcc/arm-none-eabi/10.3.1/thumb/v7-m/nofp/crtbegin.o
                0x0000000008004ab0                PROVIDE (__init_array_end = .)
                0x0000000008004ab0                . = ALIGN (0x4)

.fini_array     0x0000000008004ab0        0x4
                0x0000000008004ab0                . = ALIGN (0x4)
                [!provide]                        PROVIDE (__fini_array_start = .)
 *(SORT_BY_NAME(.fini_array.*))
 *(.fini_array*)
 .fini_array    0x0000000008004ab0        0x4 c:/st/stm32cubeide_1.12.0/stm32cubeide/plugins/com.st.stm32cube.ide.mcu.externaltools.gnu-tools-for-stm32.10.3-2021.10.win32_1.0.200.202301161003/tools/bin/../lib/gcc/arm-none-eabi/10.3.1/thumb/v7-m/nofp/crtbegin.o
                [!provide]                        PROVIDE (__fini_array_end = .)
                0x0000000008004ab4                . = ALIGN (0x4)
                0x0000000008004ab4                _sidata = LOADADDR (.data)

.data           0x0000000020000000        0xc load address 0x0000000008004ab4
                0x0000000020000000                . = ALIGN (0x4)
                0x0000000020000000                _sdata = .
 *(.data)
 *(.data*)
 .data.SystemCoreClock
                0x0000000020000000        0x4 ./Core/Src/system_stm32f1xx.o
                0x0000000020000000                SystemCoreClock
 .data.uwTickPrio
                0x0000000020000004        0x4 ./Drivers/STM32F1xx_HAL_Driver/Src/stm32f1xx_hal.o
                0x0000000020000004                uwTickPrio
 .data.uwTickFreq
                0x0000000020000008        0x1 ./Drivers/STM32F1xx_HAL_Driver/Src/stm32f1xx_hal.o
                0x0000000020000008                uwTickFreq
 *(.RamFunc)
 *(.RamFunc*)
                0x000000002000000c                . = ALIGN (0x4)
 *fill*         0x0000000020000009        0x3 
                0x000000002000000c                _edata = .

.igot.plt       0x000000002000000c        0x0 load address 0x0000000008004ac0
 .igot.plt      0x000000002000000c        0x0 c:/st/stm32cubeide_1.12.0/stm32cubeide/plugins/com.st.stm32cube.ide.mcu.externaltools.gnu-tools-for-stm32.10.3-2021.10.win32_1.0.200.202301161003/tools/bin/../lib/gcc/arm-none-eabi/10.3.1/thumb/v7-m/nofp/crtbegin.o
                0x000000002000000c                . = ALIGN (0x4)

.bss            0x0000000020000010      0x194 load address 0x0000000008004ac0
                0x0000000020000010                _sbss = .
                0x0000000020000010                __bss_start__ = _sbss
 *(.bss)
 .bss           0x0000000020000010       0x1c c:/st/stm32cubeide_1.12.0/stm32cubeide/plugins/com.st.stm32cube.ide.mcu.externaltools.gnu-tools-for-stm32.10.3-2021.10.win32_1.0.200.202301161003/tools/bin/../lib/gcc/arm-none-eabi/10.3.1/thumb/v7-m/nofp/crtbegin.o
 *(.bss*)
 .bss.hi2c1     0x000000002000002c       0x54 ./Core/Src/main.o
                0x000000002000002c                hi2c1
 .bss.htim1     0x0000000020000080       0x48 ./Core/Src/main.o
                0x0000000020000080                htim1
 .bss.htim2     0x00000000200000c8       0x48 ./Core/Src/main.o
                0x00000000200000c8                htim2
 .bss.ch1_rising
                0x0000000020000110        0x8 ./Core/Src/main.o
                0x0000000020000110                ch1_rising
 .bss.ch1_falling
                0x0000000020000118        0x8 ./Core/Src/main.o
                0x0000000020000118                ch1_falling
 .bss.ch1       0x0000000020000120        0x8 ./Core/Src/main.o
                0x0000000020000120                ch1
 .bss.pre_ch1   0x0000000020000128        0x8 ./Core/Src/main.o
                0x0000000020000128                pre_ch1
 .bss.ch2_rising
                0x0000000020000130        0x8 ./Core/Src/main.o
                0x0000000020000130                ch2_rising
 .bss.ch2_falling
                0x0000000020000138        0x8 ./Core/Src/main.o
                0x0000000020000138                ch2_falling
 .bss.ch2       0x0000000020000140        0x8 ./Core/Src/main.o
                0x0000000020000140                ch2
 .bss.pre_ch2   0x0000000020000148        0x8 ./Core/Src/main.o
                0x0000000020000148                pre_ch2
 .bss.ch3_rising
                0x0000000020000150        0x8 ./Core/Src/main.o
                0x0000000020000150                ch3_rising
 .bss.ch3_falling
                0x0000000020000158        0x8 ./Core/Src/main.o
                0x0000000020000158                ch3_falling
 .bss.ch3       0x0000000020000160        0x8 ./Core/Src/main.o
                0x0000000020000160                ch3
 .bss.pre_ch3   0x0000000020000168        0x8 ./Core/Src/main.o
                0x0000000020000168                pre_ch3
 .bss.ch4_rising
                0x0000000020000170        0x8 ./Core/Src/main.o
                0x0000000020000170                ch4_rising
 .bss.ch4_falling
                0x0000000020000178        0x8 ./Core/Src/main.o
                0x0000000020000178                ch4_falling
 .bss.ch4       0x0000000020000180        0x8 ./Core/Src/main.o
                0x0000000020000180                ch4
 .bss.pre_ch4   0x0000000020000188        0x8 ./Core/Src/main.o
                0x0000000020000188                pre_ch4
 .bss.myMCP4725
                0x0000000020000190       0x10 ./Core/Src/main.o
                0x0000000020000190                myMCP4725
 .bss.uwTick    0x00000000200001a0        0x4 ./Drivers/STM32F1xx_HAL_Driver/Src/stm32f1xx_hal.o
                0x00000000200001a0                uwTick
 *(COMMON)
                0x00000000200001a4                . = ALIGN (0x4)
                0x00000000200001a4                _ebss = .
                0x00000000200001a4                __bss_end__ = _ebss

._user_heap_stack
                0x00000000200001a4      0x604 load address 0x0000000008004ac0
                0x00000000200001a8                . = ALIGN (0x8)
 *fill*         0x00000000200001a4        0x4 
                [!provide]                        PROVIDE (end = .)
                0x00000000200001a8                PROVIDE (_end = .)
                0x00000000200003a8                . = (. + _Min_Heap_Size)
 *fill*         0x00000000200001a8      0x200 
                0x00000000200007a8                . = (. + _Min_Stack_Size)
 *fill*         0x00000000200003a8      0x400 
                0x00000000200007a8                . = ALIGN (0x8)

/DISCARD/
 libc.a(*)
 libm.a(*)
 libgcc.a(*)

.ARM.attributes
                0x0000000000000000       0x29
 *(.ARM.attributes)
 .ARM.attributes
                0x0000000000000000       0x1d c:/st/stm32cubeide_1.12.0/stm32cubeide/plugins/com.st.stm32cube.ide.mcu.externaltools.gnu-tools-for-stm32.10.3-2021.10.win32_1.0.200.202301161003/tools/bin/../lib/gcc/arm-none-eabi/10.3.1/thumb/v7-m/nofp/crti.o
 .ARM.attributes
                0x000000000000001d       0x2d c:/st/stm32cubeide_1.12.0/stm32cubeide/plugins/com.st.stm32cube.ide.mcu.externaltools.gnu-tools-for-stm32.10.3-2021.10.win32_1.0.200.202301161003/tools/bin/../lib/gcc/arm-none-eabi/10.3.1/thumb/v7-m/nofp/crtbegin.o
 .ARM.attributes
                0x000000000000004a       0x2d ./Core/Src/MCP4725.o
 .ARM.attributes
                0x0000000000000077       0x2d ./Core/Src/main.o
 .ARM.attributes
                0x00000000000000a4       0x2d ./Core/Src/stm32f1xx_hal_msp.o
 .ARM.attributes
                0x00000000000000d1       0x2d ./Core/Src/stm32f1xx_it.o
 .ARM.attributes
                0x00000000000000fe       0x2d ./Core/Src/system_stm32f1xx.o
 .ARM.attributes
                0x000000000000012b       0x21 ./Core/Startup/startup_stm32f103c8tx.o
 .ARM.attributes
                0x000000000000014c       0x2d ./Drivers/STM32F1xx_HAL_Driver/Src/stm32f1xx_hal.o
 .ARM.attributes
                0x0000000000000179       0x2d ./Drivers/STM32F1xx_HAL_Driver/Src/stm32f1xx_hal_cortex.o
 .ARM.attributes
                0x00000000000001a6       0x2d ./Drivers/STM32F1xx_HAL_Driver/Src/stm32f1xx_hal_gpio.o
 .ARM.attributes
                0x00000000000001d3       0x2d ./Drivers/STM32F1xx_HAL_Driver/Src/stm32f1xx_hal_i2c.o
 .ARM.attributes
                0x0000000000000200       0x2d ./Drivers/STM32F1xx_HAL_Driver/Src/stm32f1xx_hal_rcc.o
 .ARM.attributes
                0x000000000000022d       0x2d ./Drivers/STM32F1xx_HAL_Driver/Src/stm32f1xx_hal_tim.o
 .ARM.attributes
                0x000000000000025a       0x2d ./Drivers/STM32F1xx_HAL_Driver/Src/stm32f1xx_hal_tim_ex.o
 .ARM.attributes
                0x0000000000000287       0x2d c:/st/stm32cubeide_1.12.0/stm32cubeide/plugins/com.st.stm32cube.ide.mcu.externaltools.gnu-tools-for-stm32.10.3-2021.10.win32_1.0.200.202301161003/tools/bin/../lib/gcc/arm-none-eabi/10.3.1/../../../../arm-none-eabi/lib/thumb/v7-m/nofp\libc_nano.a(lib_a-init.o)
 .ARM.attributes
                0x00000000000002b4       0x2d c:/st/stm32cubeide_1.12.0/stm32cubeide/plugins/com.st.stm32cube.ide.mcu.externaltools.gnu-tools-for-stm32.10.3-2021.10.win32_1.0.200.202301161003/tools/bin/../lib/gcc/arm-none-eabi/10.3.1/../../../../arm-none-eabi/lib/thumb/v7-m/nofp\libc_nano.a(lib_a-memset.o)
 .ARM.attributes
                0x00000000000002e1       0x1d c:/st/stm32cubeide_1.12.0/stm32cubeide/plugins/com.st.stm32cube.ide.mcu.externaltools.gnu-tools-for-stm32.10.3-2021.10.win32_1.0.200.202301161003/tools/bin/../lib/gcc/arm-none-eabi/10.3.1/thumb/v7-m/nofp\libgcc.a(_arm_muldivsf3.o)
 .ARM.attributes
                0x00000000000002fe       0x1d c:/st/stm32cubeide_1.12.0/stm32cubeide/plugins/com.st.stm32cube.ide.mcu.externaltools.gnu-tools-for-stm32.10.3-2021.10.win32_1.0.200.202301161003/tools/bin/../lib/gcc/arm-none-eabi/10.3.1/thumb/v7-m/nofp\libgcc.a(_arm_cmpsf2.o)
 .ARM.attributes
                0x000000000000031b       0x1d c:/st/stm32cubeide_1.12.0/stm32cubeide/plugins/com.st.stm32cube.ide.mcu.externaltools.gnu-tools-for-stm32.10.3-2021.10.win32_1.0.200.202301161003/tools/bin/../lib/gcc/arm-none-eabi/10.3.1/thumb/v7-m/nofp\libgcc.a(_arm_fixunssfsi.o)
 .ARM.attributes
                0x0000000000000338       0x1d c:/st/stm32cubeide_1.12.0/stm32cubeide/plugins/com.st.stm32cube.ide.mcu.externaltools.gnu-tools-for-stm32.10.3-2021.10.win32_1.0.200.202301161003/tools/bin/../lib/gcc/arm-none-eabi/10.3.1/thumb/v7-m/nofp/crtn.o
OUTPUT(Joyce_Rover.elf elf32-littlearm)
LOAD linker stubs
LOAD c:/st/stm32cubeide_1.12.0/stm32cubeide/plugins/com.st.stm32cube.ide.mcu.externaltools.gnu-tools-for-stm32.10.3-2021.10.win32_1.0.200.202301161003/tools/bin/../lib/gcc/arm-none-eabi/10.3.1/../../../../arm-none-eabi/lib/thumb/v7-m/nofp\libc.a
LOAD c:/st/stm32cubeide_1.12.0/stm32cubeide/plugins/com.st.stm32cube.ide.mcu.externaltools.gnu-tools-for-stm32.10.3-2021.10.win32_1.0.200.202301161003/tools/bin/../lib/gcc/arm-none-eabi/10.3.1/../../../../arm-none-eabi/lib/thumb/v7-m/nofp\libm.a
LOAD c:/st/stm32cubeide_1.12.0/stm32cubeide/plugins/com.st.stm32cube.ide.mcu.externaltools.gnu-tools-for-stm32.10.3-2021.10.win32_1.0.200.202301161003/tools/bin/../lib/gcc/arm-none-eabi/10.3.1/thumb/v7-m/nofp\libgcc.a

.debug_info     0x0000000000000000     0xc42c
 .debug_info    0x0000000000000000      0xc71 ./Core/Src/MCP4725.o
 .debug_info    0x0000000000000c71     0x15e0 ./Core/Src/main.o
 .debug_info    0x0000000000002251      0xe97 ./Core/Src/stm32f1xx_hal_msp.o
 .debug_info    0x00000000000030e8      0x744 ./Core/Src/stm32f1xx_it.o
 .debug_info    0x000000000000382c      0x23d ./Core/Src/system_stm32f1xx.o
 .debug_info    0x0000000000003a69       0x22 ./Core/Startup/startup_stm32f103c8tx.o
 .debug_info    0x0000000000003a8b      0x734 ./Drivers/STM32F1xx_HAL_Driver/Src/stm32f1xx_hal.o
 .debug_info    0x00000000000041bf      0xb20 ./Drivers/STM32F1xx_HAL_Driver/Src/stm32f1xx_hal_cortex.o
 .debug_info    0x0000000000004cdf      0x615 ./Drivers/STM32F1xx_HAL_Driver/Src/stm32f1xx_hal_gpio.o
 .debug_info    0x00000000000052f4     0x2761 ./Drivers/STM32F1xx_HAL_Driver/Src/stm32f1xx_hal_i2c.o
 .debug_info    0x0000000000007a55      0x865 ./Drivers/STM32F1xx_HAL_Driver/Src/stm32f1xx_hal_rcc.o
 .debug_info    0x00000000000082ba     0x2bab ./Drivers/STM32F1xx_HAL_Driver/Src/stm32f1xx_hal_tim.o
 .debug_info    0x000000000000ae65     0x15c7 ./Drivers/STM32F1xx_HAL_Driver/Src/stm32f1xx_hal_tim_ex.o

.debug_abbrev   0x0000000000000000     0x1a9a
 .debug_abbrev  0x0000000000000000      0x23a ./Core/Src/MCP4725.o
 .debug_abbrev  0x000000000000023a      0x30d ./Core/Src/main.o
 .debug_abbrev  0x0000000000000547      0x1c5 ./Core/Src/stm32f1xx_hal_msp.o
 .debug_abbrev  0x000000000000070c      0x19e ./Core/Src/stm32f1xx_it.o
 .debug_abbrev  0x00000000000008aa      0x13b ./Core/Src/system_stm32f1xx.o
 .debug_abbrev  0x00000000000009e5       0x12 ./Core/Startup/startup_stm32f103c8tx.o
 .debug_abbrev  0x00000000000009f7      0x1fb ./Drivers/STM32F1xx_HAL_Driver/Src/stm32f1xx_hal.o
 .debug_abbrev  0x0000000000000bf2      0x2ed ./Drivers/STM32F1xx_HAL_Driver/Src/stm32f1xx_hal_cortex.o
 .debug_abbrev  0x0000000000000edf      0x1bb ./Drivers/STM32F1xx_HAL_Driver/Src/stm32f1xx_hal_gpio.o
 .debug_abbrev  0x000000000000109a      0x288 ./Drivers/STM32F1xx_HAL_Driver/Src/stm32f1xx_hal_i2c.o
 .debug_abbrev  0x0000000000001322      0x2a8 ./Drivers/STM32F1xx_HAL_Driver/Src/stm32f1xx_hal_rcc.o
 .debug_abbrev  0x00000000000015ca      0x264 ./Drivers/STM32F1xx_HAL_Driver/Src/stm32f1xx_hal_tim.o
 .debug_abbrev  0x000000000000182e      0x26c ./Drivers/STM32F1xx_HAL_Driver/Src/stm32f1xx_hal_tim_ex.o

.debug_aranges  0x0000000000000000      0xcc8
 .debug_aranges
                0x0000000000000000       0xa0 ./Core/Src/MCP4725.o
 .debug_aranges
                0x00000000000000a0       0x60 ./Core/Src/main.o
 .debug_aranges
                0x0000000000000100       0x48 ./Core/Src/stm32f1xx_hal_msp.o
 .debug_aranges
                0x0000000000000148       0x88 ./Core/Src/stm32f1xx_it.o
 .debug_aranges
                0x00000000000001d0       0x28 ./Core/Src/system_stm32f1xx.o
 .debug_aranges
                0x00000000000001f8       0x28 ./Core/Startup/startup_stm32f103c8tx.o
 .debug_aranges
                0x0000000000000220       0xe0 ./Drivers/STM32F1xx_HAL_Driver/Src/stm32f1xx_hal.o
 .debug_aranges
                0x0000000000000300      0x100 ./Drivers/STM32F1xx_HAL_Driver/Src/stm32f1xx_hal_cortex.o
 .debug_aranges
                0x0000000000000400       0x58 ./Drivers/STM32F1xx_HAL_Driver/Src/stm32f1xx_hal_gpio.o
 .debug_aranges
                0x0000000000000458      0x2a8 ./Drivers/STM32F1xx_HAL_Driver/Src/stm32f1xx_hal_i2c.o
 .debug_aranges
                0x0000000000000700       0x90 ./Drivers/STM32F1xx_HAL_Driver/Src/stm32f1xx_hal_rcc.o
 .debug_aranges
                0x0000000000000790      0x3d0 ./Drivers/STM32F1xx_HAL_Driver/Src/stm32f1xx_hal_tim.o
 .debug_aranges
                0x0000000000000b60      0x168 ./Drivers/STM32F1xx_HAL_Driver/Src/stm32f1xx_hal_tim_ex.o

.debug_ranges   0x0000000000000000      0xc18
 .debug_ranges  0x0000000000000000       0x90 ./Core/Src/MCP4725.o
 .debug_ranges  0x0000000000000090       0x50 ./Core/Src/main.o
 .debug_ranges  0x00000000000000e0       0x38 ./Core/Src/stm32f1xx_hal_msp.o
 .debug_ranges  0x0000000000000118       0x78 ./Core/Src/stm32f1xx_it.o
 .debug_ranges  0x0000000000000190       0x18 ./Core/Src/system_stm32f1xx.o
 .debug_ranges  0x00000000000001a8       0x20 ./Core/Startup/startup_stm32f103c8tx.o
 .debug_ranges  0x00000000000001c8       0xd0 ./Drivers/STM32F1xx_HAL_Driver/Src/stm32f1xx_hal.o
 .debug_ranges  0x0000000000000298       0xf0 ./Drivers/STM32F1xx_HAL_Driver/Src/stm32f1xx_hal_cortex.o
 .debug_ranges  0x0000000000000388       0x48 ./Drivers/STM32F1xx_HAL_Driver/Src/stm32f1xx_hal_gpio.o
 .debug_ranges  0x00000000000003d0      0x2b0 ./Drivers/STM32F1xx_HAL_Driver/Src/stm32f1xx_hal_i2c.o
 .debug_ranges  0x0000000000000680       0x80 ./Drivers/STM32F1xx_HAL_Driver/Src/stm32f1xx_hal_rcc.o
 .debug_ranges  0x0000000000000700      0x3c0 ./Drivers/STM32F1xx_HAL_Driver/Src/stm32f1xx_hal_tim.o
 .debug_ranges  0x0000000000000ac0      0x158 ./Drivers/STM32F1xx_HAL_Driver/Src/stm32f1xx_hal_tim_ex.o

.debug_macro    0x0000000000000000    0x1768e
 .debug_macro   0x0000000000000000      0x26c ./Core/Src/MCP4725.o
 .debug_macro   0x000000000000026c      0xa6c ./Core/Src/MCP4725.o
 .debug_macro   0x0000000000000cd8      0x21b ./Core/Src/MCP4725.o
 .debug_macro   0x0000000000000ef3       0x2e ./Core/Src/MCP4725.o
 .debug_macro   0x0000000000000f21       0x22 ./Core/Src/MCP4725.o
 .debug_macro   0x0000000000000f43       0x22 ./Core/Src/MCP4725.o
 .debug_macro   0x0000000000000f65       0x8e ./Core/Src/MCP4725.o
 .debug_macro   0x0000000000000ff3       0x51 ./Core/Src/MCP4725.o
 .debug_macro   0x0000000000001044      0x103 ./Core/Src/MCP4725.o
 .debug_macro   0x0000000000001147       0x6a ./Core/Src/MCP4725.o
 .debug_macro   0x00000000000011b1      0x1df ./Core/Src/MCP4725.o
 .debug_macro   0x0000000000001390       0x1c ./Core/Src/MCP4725.o
 .debug_macro   0x00000000000013ac       0x22 ./Core/Src/MCP4725.o
 .debug_macro   0x00000000000013ce       0xbd ./Core/Src/MCP4725.o
 .debug_macro   0x000000000000148b      0xd23 ./Core/Src/MCP4725.o
 .debug_macro   0x00000000000021ae     0xe09e ./Core/Src/MCP4725.o
 .debug_macro   0x000000000001024c       0x6d ./Core/Src/MCP4725.o
 .debug_macro   0x00000000000102b9     0x348d ./Core/Src/MCP4725.o
 .debug_macro   0x0000000000013746      0x174 ./Core/Src/MCP4725.o
 .debug_macro   0x00000000000138ba       0x5c ./Core/Src/MCP4725.o
 .debug_macro   0x0000000000013916      0x5bc ./Core/Src/MCP4725.o
 .debug_macro   0x0000000000013ed2      0x289 ./Core/Src/MCP4725.o
 .debug_macro   0x000000000001415b      0x1cb ./Core/Src/MCP4725.o
 .debug_macro   0x0000000000014326      0x114 ./Core/Src/MCP4725.o
 .debug_macro   0x000000000001443a      0x1b2 ./Core/Src/MCP4725.o
 .debug_macro   0x00000000000145ec       0x27 ./Core/Src/MCP4725.o
 .debug_macro   0x0000000000014613      0x136 ./Core/Src/MCP4725.o
 .debug_macro   0x0000000000014749      0x1bc ./Core/Src/MCP4725.o
 .debug_macro   0x0000000000014905       0x34 ./Core/Src/MCP4725.o
 .debug_macro   0x0000000000014939       0x3c ./Core/Src/MCP4725.o
 .debug_macro   0x0000000000014975       0x57 ./Core/Src/MCP4725.o
 .debug_macro   0x00000000000149cc       0x87 ./Core/Src/MCP4725.o
 .debug_macro   0x0000000000014a53      0x240 ./Core/Src/MCP4725.o
 .debug_macro   0x0000000000014c93      0x287 ./Core/Src/MCP4725.o
 .debug_macro   0x0000000000014f1a      0x140 ./Core/Src/MCP4725.o
 .debug_macro   0x000000000001505a      0x8ed ./Core/Src/MCP4725.o
 .debug_macro   0x0000000000015947       0x83 ./Core/Src/MCP4725.o
 .debug_macro   0x00000000000159ca       0x34 ./Core/Src/MCP4725.o
 .debug_macro   0x00000000000159fe       0x52 ./Core/Src/MCP4725.o
 .debug_macro   0x0000000000015a50       0x18 ./Core/Src/MCP4725.o
 .debug_macro   0x0000000000015a68       0x3c ./Core/Src/MCP4725.o
 .debug_macro   0x0000000000015aa4       0x34 ./Core/Src/MCP4725.o
 .debug_macro   0x0000000000015ad8       0x16 ./Core/Src/MCP4725.o
 .debug_macro   0x0000000000015aee       0x43 ./Core/Src/MCP4725.o
 .debug_macro   0x0000000000015b31       0x34 ./Core/Src/MCP4725.o
 .debug_macro   0x0000000000015b65       0x10 ./Core/Src/MCP4725.o
 .debug_macro   0x0000000000015b75       0x58 ./Core/Src/MCP4725.o
 .debug_macro   0x0000000000015bcd       0x71 ./Core/Src/MCP4725.o
 .debug_macro   0x0000000000015c3e       0x1c ./Core/Src/MCP4725.o
 .debug_macro   0x0000000000015c5a      0x12a ./Core/Src/MCP4725.o
 .debug_macro   0x0000000000015d84      0x341 ./Core/Src/MCP4725.o
 .debug_macro   0x00000000000160c5      0x19b ./Core/Src/MCP4725.o
 .debug_macro   0x0000000000016260       0x4c ./Core/Src/MCP4725.o
 .debug_macro   0x00000000000162ac      0x26c ./Core/Src/main.o
 .debug_macro   0x0000000000016518      0x1b2 ./Core/Src/stm32f1xx_hal_msp.o
 .debug_macro   0x00000000000166ca      0x1bc ./Core/Src/stm32f1xx_it.o
 .debug_macro   0x0000000000016886      0x1a3 ./Core/Src/system_stm32f1xx.o
 .debug_macro   0x0000000000016a29      0x1c7 ./Drivers/STM32F1xx_HAL_Driver/Src/stm32f1xx_hal.o
 .debug_macro   0x0000000000016bf0      0x1a3 ./Drivers/STM32F1xx_HAL_Driver/Src/stm32f1xx_hal_cortex.o
 .debug_macro   0x0000000000016d93      0x20e ./Drivers/STM32F1xx_HAL_Driver/Src/stm32f1xx_hal_gpio.o
 .debug_macro   0x0000000000016fa1      0x1f1 ./Drivers/STM32F1xx_HAL_Driver/Src/stm32f1xx_hal_i2c.o
 .debug_macro   0x0000000000017192      0x1b5 ./Drivers/STM32F1xx_HAL_Driver/Src/stm32f1xx_hal_rcc.o
 .debug_macro   0x0000000000017347      0x1a4 ./Drivers/STM32F1xx_HAL_Driver/Src/stm32f1xx_hal_tim.o
 .debug_macro   0x00000000000174eb      0x1a3 ./Drivers/STM32F1xx_HAL_Driver/Src/stm32f1xx_hal_tim_ex.o

.debug_line     0x0000000000000000     0xde69
 .debug_line    0x0000000000000000      0xa9f ./Core/Src/MCP4725.o
 .debug_line    0x0000000000000a9f      0xb65 ./Core/Src/main.o
 .debug_line    0x0000000000001604      0x765 ./Core/Src/stm32f1xx_hal_msp.o
 .debug_line    0x0000000000001d69      0x7b3 ./Core/Src/stm32f1xx_it.o
 .debug_line    0x000000000000251c      0x6f7 ./Core/Src/system_stm32f1xx.o
 .debug_line    0x0000000000002c13       0x86 ./Core/Startup/startup_stm32f103c8tx.o
 .debug_line    0x0000000000002c99      0x924 ./Drivers/STM32F1xx_HAL_Driver/Src/stm32f1xx_hal.o
 .debug_line    0x00000000000035bd      0xb0c ./Drivers/STM32F1xx_HAL_Driver/Src/stm32f1xx_hal_cortex.o
 .debug_line    0x00000000000040c9      0x9bd ./Drivers/STM32F1xx_HAL_Driver/Src/stm32f1xx_hal_gpio.o
 .debug_line    0x0000000000004a86     0x3a8a ./Drivers/STM32F1xx_HAL_Driver/Src/stm32f1xx_hal_i2c.o
 .debug_line    0x0000000000008510      0xd30 ./Drivers/STM32F1xx_HAL_Driver/Src/stm32f1xx_hal_rcc.o
 .debug_line    0x0000000000009240     0x33af ./Drivers/STM32F1xx_HAL_Driver/Src/stm32f1xx_hal_tim.o
 .debug_line    0x000000000000c5ef     0x187a ./Drivers/STM32F1xx_HAL_Driver/Src/stm32f1xx_hal_tim_ex.o

.debug_str      0x0000000000000000    0x8a35d
 .debug_str     0x0000000000000000    0x86dce ./Core/Src/MCP4725.o
                                      0x8719c (size before relaxing)
 .debug_str     0x0000000000086dce      0x93d ./Core/Src/main.o
                                      0x87965 (size before relaxing)
 .debug_str     0x000000000008770b      0x36c ./Core/Src/stm32f1xx_hal_msp.o
                                      0x83def (size before relaxing)
 .debug_str     0x0000000000087a77       0xff ./Core/Src/stm32f1xx_it.o
                                      0x83802 (size before relaxing)
 .debug_str     0x0000000000087b76       0x7e ./Core/Src/system_stm32f1xx.o
                                      0x831d9 (size before relaxing)
 .debug_str     0x0000000000087bf4       0x36 ./Core/Startup/startup_stm32f103c8tx.o
                                         0x6c (size before relaxing)
 .debug_str     0x0000000000087c2a      0x384 ./Drivers/STM32F1xx_HAL_Driver/Src/stm32f1xx_hal.o
                                      0x8390c (size before relaxing)
 .debug_str     0x0000000000087fae      0x294 ./Drivers/STM32F1xx_HAL_Driver/Src/stm32f1xx_hal_cortex.o
                                      0x83858 (size before relaxing)
 .debug_str     0x0000000000088242      0x2d3 ./Drivers/STM32F1xx_HAL_Driver/Src/stm32f1xx_hal_gpio.o
                                      0x8355f (size before relaxing)
 .debug_str     0x0000000000088515      0xb91 ./Drivers/STM32F1xx_HAL_Driver/Src/stm32f1xx_hal_i2c.o
                                      0x842a0 (size before relaxing)
 .debug_str     0x00000000000890a6      0x209 ./Drivers/STM32F1xx_HAL_Driver/Src/stm32f1xx_hal_rcc.o
                                      0x83608 (size before relaxing)
 .debug_str     0x00000000000892af      0xccd ./Drivers/STM32F1xx_HAL_Driver/Src/stm32f1xx_hal_tim.o
                                      0x845fa (size before relaxing)
 .debug_str     0x0000000000089f7c      0x3e1 ./Drivers/STM32F1xx_HAL_Driver/Src/stm32f1xx_hal_tim_ex.o
                                      0x83e16 (size before relaxing)

.comment        0x0000000000000000       0x50
 .comment       0x0000000000000000       0x50 ./Core/Src/MCP4725.o
                                         0x51 (size before relaxing)
 .comment       0x0000000000000050       0x51 ./Core/Src/main.o
 .comment       0x0000000000000050       0x51 ./Core/Src/stm32f1xx_hal_msp.o
 .comment       0x0000000000000050       0x51 ./Core/Src/stm32f1xx_it.o
 .comment       0x0000000000000050       0x51 ./Core/Src/system_stm32f1xx.o
 .comment       0x0000000000000050       0x51 ./Drivers/STM32F1xx_HAL_Driver/Src/stm32f1xx_hal.o
 .comment       0x0000000000000050       0x51 ./Drivers/STM32F1xx_HAL_Driver/Src/stm32f1xx_hal_cortex.o
 .comment       0x0000000000000050       0x51 ./Drivers/STM32F1xx_HAL_Driver/Src/stm32f1xx_hal_gpio.o
 .comment       0x0000000000000050       0x51 ./Drivers/STM32F1xx_HAL_Driver/Src/stm32f1xx_hal_i2c.o
 .comment       0x0000000000000050       0x51 ./Drivers/STM32F1xx_HAL_Driver/Src/stm32f1xx_hal_rcc.o
 .comment       0x0000000000000050       0x51 ./Drivers/STM32F1xx_HAL_Driver/Src/stm32f1xx_hal_tim.o
 .comment       0x0000000000000050       0x51 ./Drivers/STM32F1xx_HAL_Driver/Src/stm32f1xx_hal_tim_ex.o

.debug_frame    0x0000000000000000     0x3760
 .debug_frame   0x0000000000000000      0x28c ./Core/Src/MCP4725.o
 .debug_frame   0x000000000000028c      0x158 ./Core/Src/main.o
 .debug_frame   0x00000000000003e4       0xec ./Core/Src/stm32f1xx_hal_msp.o
 .debug_frame   0x00000000000004d0      0x190 ./Core/Src/stm32f1xx_it.o
 .debug_frame   0x0000000000000660       0x58 ./Core/Src/system_stm32f1xx.o
 .debug_frame   0x00000000000006b8      0x334 ./Drivers/STM32F1xx_HAL_Driver/Src/stm32f1xx_hal.o
 .debug_frame   0x00000000000009ec      0x428 ./Drivers/STM32F1xx_HAL_Driver/Src/stm32f1xx_hal_cortex.o
 .debug_frame   0x0000000000000e14      0x14c ./Drivers/STM32F1xx_HAL_Driver/Src/stm32f1xx_hal_gpio.o
 .debug_frame   0x0000000000000f60      0xc84 ./Drivers/STM32F1xx_HAL_Driver/Src/stm32f1xx_hal_i2c.o
 .debug_frame   0x0000000000001be4      0x218 ./Drivers/STM32F1xx_HAL_Driver/Src/stm32f1xx_hal_rcc.o
 .debug_frame   0x0000000000001dfc     0x11bc ./Drivers/STM32F1xx_HAL_Driver/Src/stm32f1xx_hal_tim.o
 .debug_frame   0x0000000000002fb8      0x638 ./Drivers/STM32F1xx_HAL_Driver/Src/stm32f1xx_hal_tim_ex.o
 .debug_frame   0x00000000000035f0       0x2c c:/st/stm32cubeide_1.12.0/stm32cubeide/plugins/com.st.stm32cube.ide.mcu.externaltools.gnu-tools-for-stm32.10.3-2021.10.win32_1.0.200.202301161003/tools/bin/../lib/gcc/arm-none-eabi/10.3.1/../../../../arm-none-eabi/lib/thumb/v7-m/nofp\libc_nano.a(lib_a-init.o)
 .debug_frame   0x000000000000361c       0x20 c:/st/stm32cubeide_1.12.0/stm32cubeide/plugins/com.st.stm32cube.ide.mcu.externaltools.gnu-tools-for-stm32.10.3-2021.10.win32_1.0.200.202301161003/tools/bin/../lib/gcc/arm-none-eabi/10.3.1/../../../../arm-none-eabi/lib/thumb/v7-m/nofp\libc_nano.a(lib_a-memset.o)
 .debug_frame   0x000000000000363c       0x38 c:/st/stm32cubeide_1.12.0/stm32cubeide/plugins/com.st.stm32cube.ide.mcu.externaltools.gnu-tools-for-stm32.10.3-2021.10.win32_1.0.200.202301161003/tools/bin/../lib/gcc/arm-none-eabi/10.3.1/thumb/v7-m/nofp\libgcc.a(_arm_muldivsf3.o)
 .debug_frame   0x0000000000003674       0xc8 c:/st/stm32cubeide_1.12.0/stm32cubeide/plugins/com.st.stm32cube.ide.mcu.externaltools.gnu-tools-for-stm32.10.3-2021.10.win32_1.0.200.202301161003/tools/bin/../lib/gcc/arm-none-eabi/10.3.1/thumb/v7-m/nofp\libgcc.a(_arm_cmpsf2.o)
 .debug_frame   0x000000000000373c       0x24 c:/st/stm32cubeide_1.12.0/stm32cubeide/plugins/com.st.stm32cube.ide.mcu.externaltools.gnu-tools-for-stm32.10.3-2021.10.win32_1.0.200.202301161003/tools/bin/../lib/gcc/arm-none-eabi/10.3.1/thumb/v7-m/nofp\libgcc.a(_arm_fixunssfsi.o)
