../Core/Src/main.c:82:5:map	24	static
../Core/Src/main.c:86:6:HAL_TIM_IC_CaptureCallback	112	static
../Core/Src/main.c:175:5:main	40	static
../Core/Src/main.c:310:6:SystemClock_Config	72	static
../Core/Src/main.c:350:13:MX_I2C1_Init	8	static
../Core/Src/main.c:384:13:MX_I2C2_Init	8	static
../Core/Src/main.c:418:13:MX_TIM1_Init	96	static
../Core/Src/main.c:497:13:MX_TIM2_Init	48	static
../Core/Src/main.c:567:13:MX_GPIO_Init	40	static
../Core/Src/main.c:611:6:Error_Handler	4	static,ignoring_inline_asm
